nohup: ignoring input

[0;32m[2026-01-10 18:34:08] [INFO][0m =========================================
[0;32m[2026-01-10 18:34:08] [INFO][0m 阶段2 - Step 2.1：学习率搜索
[0;32m[2026-01-10 18:34:08] [INFO][0m =========================================
[0;32m[2026-01-10 18:34:08] [INFO][0m 架构: C4 (heads=12, layers=5)
[0;32m[2026-01-10 18:34:08] [INFO][0m Batch size: 128
[0;32m[2026-01-10 18:34:08] [INFO][0m Seed: 42
[0;32m[2026-01-10 18:34:08] [INFO][0m 固定参数: λ_ratio=3.0e-3, λ_itm=2.5e-3
[0;32m[2026-01-10 18:34:08] [INFO][0m 搜索范围: LR=1.3e-3
[0;32m[2026-01-10 18:34:08] [INFO][0m 开始时间: Sat Jan 10 18:34:08 CST 2026

[0;32m[2026-01-10 18:34:08] [INFO][0m ✓ GPU可用
[0;32m[2026-01-10 18:34:08] [INFO][0m ✓ CLIP模型已找到

[0;32m[2026-01-10 18:34:08] [INFO][0m -----------------------------------------
[0;32m[2026-01-10 18:34:08] [INFO][0m 开始5个学习率实验（3并行）...
[0;32m[2026-01-10 18:34:08] [INFO][0m -----------------------------------------
[0;32m[2026-01-10 18:34:08] [INFO][0m 
[0;32m[2026-01-10 18:34:08] [INFO][0m 批次1: lr=1.3e-3, 1.4e-3, 1.5e-3 (并行)
[0;32m[2026-01-10 18:34:08] [INFO][0m Starting lr_1.3e-3_seed42 on GPU 1
[0;32m[2026-01-10 18:34:08] [INFO][0m   LR=1.3e-3, Lambda_ratio=3.0e-3, Lambda_itm=2.5e-3
[0;32m[2026-01-10 18:34:13] [INFO][0m Starting lr_1.4e-3_seed42 on GPU 2
[0;32m[2026-01-10 18:34:13] [INFO][0m   LR=1.4e-3, Lambda_ratio=3.0e-3, Lambda_itm=2.5e-3
[0;32m[2026-01-10 18:34:18] [INFO][0m 等待批次1完成...
[0;32m[2026-01-10 18:34:18] [INFO][0m Starting lr_1.5e-3_seed42 on GPU 3
[0;32m[2026-01-10 18:34:18] [INFO][0m   LR=1.5e-3, Lambda_ratio=3.0e-3, Lambda_itm=2.5e-3
[0;32m[2026-01-10 20:17:29] [INFO][0m ✅ lr_1.5e-3_seed42 completed successfully
[0;32m[2026-01-10 20:17:29] [INFO][0m   Best Acc: 0.8298, Macro F1: 0.8279
[0;32m[2026-01-10 20:18:01] [INFO][0m ✅ lr_1.3e-3_seed42 completed successfully
[0;32m[2026-01-10 20:18:01] [INFO][0m   Best Acc: 0.8456, Macro F1: 0.8445
[0;32m[2026-01-10 20:19:11] [INFO][0m ✅ lr_1.4e-3_seed42 completed successfully
[0;32m[2026-01-10 20:19:11] [INFO][0m   Best Acc: 0.8447, Macro F1: 0.8427
[0;32m[2026-01-10 20:19:11] [INFO][0m 批次1完成
[0;32m[2026-01-10 20:19:11] [INFO][0m 
[0;32m[2026-01-10 20:19:11] [INFO][0m 批次2: lr=1.6e-3, 1.7e-3 (并行)
[0;32m[2026-01-10 20:19:11] [INFO][0m Starting lr_1.6e-3_seed42 on GPU 1
[0;32m[2026-01-10 20:19:11] [INFO][0m   LR=1.6e-3, Lambda_ratio=3.0e-3, Lambda_itm=2.5e-3
[0;32m[2026-01-10 20:19:16] [INFO][0m 等待批次2完成...
[0;32m[2026-01-10 20:19:16] [INFO][0m Starting lr_1.7e-3_seed42 on GPU 2
[0;32m[2026-01-10 20:19:16] [INFO][0m   LR=1.7e-3, Lambda_ratio=3.0e-3, Lambda_itm=2.5e-3
[0;32m[2026-01-10 22:02:09] [INFO][0m ✅ lr_1.7e-3_seed42 completed successfully
[0;32m[2026-01-10 22:02:09] [INFO][0m   Best Acc: 0.8418, Macro F1: 0.8389
[0;32m[2026-01-10 22:02:12] [INFO][0m ✅ lr_1.6e-3_seed42 completed successfully
[0;32m[2026-01-10 22:02:12] [INFO][0m   Best Acc: 0.8364, Macro F1: 0.8330
[0;32m[2026-01-10 22:02:12] [INFO][0m 批次2完成

[0;32m[2026-01-10 22:02:12] [INFO][0m =========================================
[0;32m[2026-01-10 22:02:12] [INFO][0m Step 2.1 完成
[0;32m[2026-01-10 22:02:12] [INFO][0m =========================================
[0;32m[2026-01-10 22:02:12] [INFO][0m 结束时间: Sat Jan 10 22:02:12 CST 2026

[0;32m[2026-01-10 22:02:12] [INFO][0m ✅ lr_1.3e-3: SUCCESS
[0;32m[2026-01-10 22:02:12] [INFO][0m ✅ lr_1.4e-3: SUCCESS
[0;32m[2026-01-10 22:02:12] [INFO][0m ✅ lr_1.5e-3: SUCCESS
[0;32m[2026-01-10 22:02:12] [INFO][0m ✅ lr_1.6e-3: SUCCESS
[0;32m[2026-01-10 22:02:12] [INFO][0m ✅ lr_1.7e-3: SUCCESS

[0;32m[2026-01-10 22:02:12] [INFO][0m 总结: 5 成功, 0 失败

[0;32m[2026-01-10 22:02:12] [INFO][0m =========================================
[0;32m[2026-01-10 22:02:12] [INFO][0m 下一步：分析结果
[0;32m[2026-01-10 22:02:12] [INFO][0m =========================================
[0;32m[2026-01-10 22:02:12] [INFO][0m 运行: python analyze_stage2_step1.py
[0;32m[2026-01-10 22:02:12] [INFO][0m 
[0;32m[2026-01-10 22:02:12] [INFO][0m 这将自动：
[0;32m[2026-01-10 22:02:12] [INFO][0m   1. 对比5个学习率的性能
[0;32m[2026-01-10 22:02:12] [INFO][0m   2. 推荐最佳学习率
[0;32m[2026-01-10 22:02:12] [INFO][0m   3. 生成Step 2.2的lambda搜索脚本

